  蹂듭썝???꾨줈?앺듃瑜??뺤씤?섎뒗 以?..
  蹂듭썝??紐⑤뱺 ?꾨줈?앺듃媛 理쒖떊 ?곹깭?낅땲??
C:\Users\OK\Desktop\?쇰ℓ?ㅽ떚而ㅻ끂??src\StickyLite\obj\Release\net48\StickyLite.GlobalUsings.g.cs(2,1): error CS8370: '?꾩뿭 using 吏?쒕Ц' 湲곕뒫? C# 7.3?먯꽌 ?ъ슜?????놁뒿?덈떎. 10.0 ?댁긽???몄뼱 踰꾩쟾???ъ슜?섏꽭?? [C:\Users\OK\Desktop\?쇰ℓ?ㅽ떚而ㅻ끂??src\StickyLite\StickyLite.csproj::TargetFramework=net48]
C:\Users\OK\Desktop\?쇰ℓ?ㅽ떚而ㅻ끂??src\StickyLite\obj\Release\net48\StickyLite.GlobalUsings.g.cs(3,1): error CS8370: '?꾩뿭 using 吏?쒕Ц' 湲곕뒫? C# 7.3?먯꽌 ?ъ슜?????놁뒿?덈떎. 10.0 ?댁긽???몄뼱 踰꾩쟾???ъ슜?섏꽭?? [C:\Users\OK\Desktop\?쇰ℓ?ㅽ떚而ㅻ끂??src\StickyLite\StickyLite.csproj::TargetFramework=net48]
C:\Users\OK\Desktop\?쇰ℓ?ㅽ떚而ㅻ끂??src\StickyLite\obj\Release\net48\StickyLite.GlobalUsings.g.cs(4,1): error CS8370: '?꾩뿭 using 吏?쒕Ц' 湲곕뒫? C# 7.3?먯꽌 ?ъ슜?????놁뒿?덈떎. 10.0 ?댁긽???몄뼱 踰꾩쟾???ъ슜?섏꽭?? [C:\Users\OK\Desktop\?쇰ℓ?ㅽ떚而ㅻ끂??src\StickyLite\StickyLite.csproj::TargetFramework=net48]
C:\Users\OK\Desktop\?쇰ℓ?ㅽ떚而ㅻ끂??src\StickyLite\obj\Release\net48\StickyLite.GlobalUsings.g.cs(5,1): error CS8370: '?꾩뿭 using 吏?쒕Ц' 湲곕뒫? C# 7.3?먯꽌 ?ъ슜?????놁뒿?덈떎. 10.0 ?댁긽???몄뼱 踰꾩쟾???ъ슜?섏꽭?? [C:\Users\OK\Desktop\?쇰ℓ?ㅽ떚而ㅻ끂??src\StickyLite\StickyLite.csproj::TargetFramework=net48]
C:\Users\OK\Desktop\?쇰ℓ?ㅽ떚而ㅻ끂??src\StickyLite\obj\Release\net48\StickyLite.GlobalUsings.g.cs(6,1): error CS8370: '?꾩뿭 using 吏?쒕Ц' 湲곕뒫? C# 7.3?먯꽌 ?ъ슜?????놁뒿?덈떎. 10.0 ?댁긽???몄뼱 踰꾩쟾???ъ슜?섏꽭?? [C:\Users\OK\Desktop\?쇰ℓ?ㅽ떚而ㅻ끂??src\StickyLite\StickyLite.csproj::TargetFramework=net48]
C:\Users\OK\Desktop\?쇰ℓ?ㅽ떚而ㅻ끂??src\StickyLite\obj\Release\net48\StickyLite.GlobalUsings.g.cs(7,1): error CS8370: '?꾩뿭 using 吏?쒕Ц' 湲곕뒫? C# 7.3?먯꽌 ?ъ슜?????놁뒿?덈떎. 10.0 ?댁긽???몄뼱 踰꾩쟾???ъ슜?섏꽭?? [C:\Users\OK\Desktop\?쇰ℓ?ㅽ떚而ㅻ끂??src\StickyLite\StickyLite.csproj::TargetFramework=net48]
C:\Users\OK\Desktop\?쇰ℓ?ㅽ떚而ㅻ끂??src\StickyLite\obj\Release\net48\StickyLite.GlobalUsings.g.cs(8,1): error CS8370: '?꾩뿭 using 吏?쒕Ц' 湲곕뒫? C# 7.3?먯꽌 ?ъ슜?????놁뒿?덈떎. 10.0 ?댁긽???몄뼱 踰꾩쟾???ъ슜?섏꽭?? [C:\Users\OK\Desktop\?쇰ℓ?ㅽ떚而ㅻ끂??src\StickyLite\StickyLite.csproj::TargetFramework=net48]
C:\Users\OK\Desktop\?쇰ℓ?ㅽ떚而ㅻ끂??src\StickyLite\obj\Release\net48\StickyLite.GlobalUsings.g.cs(9,1): error CS8370: '?꾩뿭 using 吏?쒕Ц' 湲곕뒫? C# 7.3?먯꽌 ?ъ슜?????놁뒿?덈떎. 10.0 ?댁긽???몄뼱 踰꾩쟾???ъ슜?섏꽭?? [C:\Users\OK\Desktop\?쇰ℓ?ㅽ떚而ㅻ끂??src\StickyLite\StickyLite.csproj::TargetFramework=net48]
C:\Users\OK\Desktop\?쇰ℓ?ㅽ떚而ㅻ끂??src\StickyLite\Config\ConfigManager.cs(1,19): error CS0234: 'System.Text' ?ㅼ엫?ㅽ럹?댁뒪??'Json' ?뺤떇 ?먮뒗 ?ㅼ엫?ㅽ럹?댁뒪 ?대쫫???놁뒿?덈떎. ?댁뀍釉붾━ 李몄“媛 ?덈뒗吏 ?뺤씤?섏꽭?? [C:\Users\OK\Desktop\?쇰ℓ?ㅽ떚而ㅻ끂??src\StickyLite\StickyLite.csproj::TargetFramework=net48]
C:\Users\OK\Desktop\?쇰ℓ?ㅽ떚而ㅻ끂??src\StickyLite\Config\ConfigManager.cs(2,19): error CS0234: 'System.Text' ?ㅼ엫?ㅽ럹?댁뒪??'Json' ?뺤떇 ?먮뒗 ?ㅼ엫?ㅽ럹?댁뒪 ?대쫫???놁뒿?덈떎. ?댁뀍釉붾━ 李몄“媛 ?덈뒗吏 ?뺤씤?섏꽭?? [C:\Users\OK\Desktop\?쇰ℓ?ㅽ떚而ㅻ끂??src\StickyLite\StickyLite.csproj::TargetFramework=net48]
C:\Users\OK\Desktop\?쇰ℓ?ㅽ떚而ㅻ끂??src\StickyLite\Config\ConfigManager.cs(12,26): error CS0246: 'JsonSerializerOptions' ?뺤떇 ?먮뒗 ?ㅼ엫?ㅽ럹?댁뒪 ?대쫫??李얠쓣 ???놁뒿?덈떎. using 吏?쒕Ц ?먮뒗 ?댁뀍釉붾━ 李몄“媛 ?덈뒗吏 ?뺤씤?섏꽭?? [C:\Users\OK\Desktop\?쇰ℓ?ㅽ떚而ㅻ끂??src\StickyLite\StickyLite.csproj::TargetFramework=net48]
C:\Users\OK\Desktop\?쇰ℓ?ㅽ떚而ㅻ끂??src\StickyLite\Core\NoteManager.cs(40,31): error CS8370: 'nullable 李몄“ ?뺤떇' 湲곕뒫? C# 7.3?먯꽌 ?ъ슜?????놁뒿?덈떎. 8.0 ?댁긽???몄뼱 踰꾩쟾???ъ슜?섏꽭?? [C:\Users\OK\Desktop\?쇰ℓ?ㅽ떚而ㅻ끂??src\StickyLite\StickyLite.csproj::TargetFramework=net48]
C:\Users\OK\Desktop\?쇰ℓ?ㅽ떚而ㅻ끂??src\StickyLite\Program.cs(143,69): error CS8370: 'nullable 李몄“ ?뺤떇' 湲곕뒫? C# 7.3?먯꽌 ?ъ슜?????놁뒿?덈떎. 8.0 ?댁긽???몄뼱 踰꾩쟾???ъ슜?섏꽭?? [C:\Users\OK\Desktop\?쇰ℓ?ㅽ떚而ㅻ끂??src\StickyLite\StickyLite.csproj::TargetFramework=net48]
C:\Users\OK\Desktop\?쇰ℓ?ㅽ떚而ㅻ끂??src\StickyLite\Program.cs(25,29): error CS8370: 'nullable 李몄“ ?뺤떇' 湲곕뒫? C# 7.3?먯꽌 ?ъ슜?????놁뒿?덈떎. 8.0 ?댁긽???몄뼱 踰꾩쟾???ъ슜?섏꽭?? [C:\Users\OK\Desktop\?쇰ℓ?ㅽ떚而ㅻ끂??src\StickyLite\StickyLite.csproj::TargetFramework=net48]
C:\Users\OK\Desktop\?쇰ℓ?ㅽ떚而ㅻ끂??src\StickyLite\MainForm.cs(246,51): error CS8370: 'nullable 李몄“ ?뺤떇' 湲곕뒫? C# 7.3?먯꽌 ?ъ슜?????놁뒿?덈떎. 8.0 ?댁긽???몄뼱 踰꾩쟾???ъ슜?섏꽭?? [C:\Users\OK\Desktop\?쇰ℓ?ㅽ떚而ㅻ끂??src\StickyLite\StickyLite.csproj::TargetFramework=net48]
C:\Users\OK\Desktop\?쇰ℓ?ㅽ떚而ㅻ끂??src\StickyLite\MainForm.cs(256,51): error CS8370: 'nullable 李몄“ ?뺤떇' 湲곕뒫? C# 7.3?먯꽌 ?ъ슜?????놁뒿?덈떎. 8.0 ?댁긽???몄뼱 踰꾩쟾???ъ슜?섏꽭?? [C:\Users\OK\Desktop\?쇰ℓ?ㅽ떚而ㅻ끂??src\StickyLite\StickyLite.csproj::TargetFramework=net48]
C:\Users\OK\Desktop\?쇰ℓ?ㅽ떚而ㅻ끂??src\StickyLite\MainForm.cs(266,54): error CS8370: 'nullable 李몄“ ?뺤떇' 湲곕뒫? C# 7.3?먯꽌 ?ъ슜?????놁뒿?덈떎. 8.0 ?댁긽???몄뼱 踰꾩쟾???ъ슜?섏꽭?? [C:\Users\OK\Desktop\?쇰ℓ?ㅽ떚而ㅻ끂??src\StickyLite\StickyLite.csproj::TargetFramework=net48]
C:\Users\OK\Desktop\?쇰ℓ?ㅽ떚而ㅻ끂??src\StickyLite\MainForm.cs(276,46): error CS8370: 'nullable 李몄“ ?뺤떇' 湲곕뒫? C# 7.3?먯꽌 ?ъ슜?????놁뒿?덈떎. 8.0 ?댁긽???몄뼱 踰꾩쟾???ъ슜?섏꽭?? [C:\Users\OK\Desktop\?쇰ℓ?ㅽ떚而ㅻ끂??src\StickyLite\StickyLite.csproj::TargetFramework=net48]
C:\Users\OK\Desktop\?쇰ℓ?ㅽ떚而ㅻ끂??src\StickyLite\MainForm.cs(284,43): error CS8370: 'nullable 李몄“ ?뺤떇' 湲곕뒫? C# 7.3?먯꽌 ?ъ슜?????놁뒿?덈떎. 8.0 ?댁긽???몄뼱 踰꾩쟾???ъ슜?섏꽭?? [C:\Users\OK\Desktop\?쇰ℓ?ㅽ떚而ㅻ끂??src\StickyLite\StickyLite.csproj::TargetFramework=net48]
C:\Users\OK\Desktop\?쇰ℓ?ㅽ떚而ㅻ끂??src\StickyLite\MainForm.cs(292,43): error CS8370: 'nullable 李몄“ ?뺤떇' 湲곕뒫? C# 7.3?먯꽌 ?ъ슜?????놁뒿?덈떎. 8.0 ?댁긽???몄뼱 踰꾩쟾???ъ슜?섏꽭?? [C:\Users\OK\Desktop\?쇰ℓ?ㅽ떚而ㅻ끂??src\StickyLite\StickyLite.csproj::TargetFramework=net48]
C:\Users\OK\Desktop\?쇰ℓ?ㅽ떚而ㅻ끂??src\StickyLite\MainForm.cs(33,41): warning CS8625: Null 由ы꽣?댁쓣 null???덉슜?섏? ?딅뒗 李몄“ ?뺤떇?쇰줈 蹂?섑븷 ???놁뒿?덈떎. [C:\Users\OK\Desktop\?쇰ℓ?ㅽ떚而ㅻ끂??src\StickyLite\StickyLite.csproj::TargetFramework=net9.0-windows]
  StickyLite -> C:\Users\OK\Desktop\?쇰ℓ?ㅽ떚而ㅻ끂??src\StickyLite\bin\Release\net9.0-windows\StickyLite.dll

鍮뚮뱶?섏? 紐삵뻽?듬땲??

C:\Users\OK\Desktop\?쇰ℓ?ㅽ떚而ㅻ끂??src\StickyLite\MainForm.cs(33,41): warning CS8625: Null 由ы꽣?댁쓣 null???덉슜?섏? ?딅뒗 李몄“ ?뺤떇?쇰줈 蹂?섑븷 ???놁뒿?덈떎. [C:\Users\OK\Desktop\?쇰ℓ?ㅽ떚而ㅻ끂??src\StickyLite\StickyLite.csproj::TargetFramework=net9.0-windows]
C:\Users\OK\Desktop\?쇰ℓ?ㅽ떚而ㅻ끂??src\StickyLite\obj\Release\net48\StickyLite.GlobalUsings.g.cs(2,1): error CS8370: '?꾩뿭 using 吏?쒕Ц' 湲곕뒫? C# 7.3?먯꽌 ?ъ슜?????놁뒿?덈떎. 10.0 ?댁긽???몄뼱 踰꾩쟾???ъ슜?섏꽭?? [C:\Users\OK\Desktop\?쇰ℓ?ㅽ떚而ㅻ끂??src\StickyLite\StickyLite.csproj::TargetFramework=net48]
C:\Users\OK\Desktop\?쇰ℓ?ㅽ떚而ㅻ끂??src\StickyLite\obj\Release\net48\StickyLite.GlobalUsings.g.cs(3,1): error CS8370: '?꾩뿭 using 吏?쒕Ц' 湲곕뒫? C# 7.3?먯꽌 ?ъ슜?????놁뒿?덈떎. 10.0 ?댁긽???몄뼱 踰꾩쟾???ъ슜?섏꽭?? [C:\Users\OK\Desktop\?쇰ℓ?ㅽ떚而ㅻ끂??src\StickyLite\StickyLite.csproj::TargetFramework=net48]
C:\Users\OK\Desktop\?쇰ℓ?ㅽ떚而ㅻ끂??src\StickyLite\obj\Release\net48\StickyLite.GlobalUsings.g.cs(4,1): error CS8370: '?꾩뿭 using 吏?쒕Ц' 湲곕뒫? C# 7.3?먯꽌 ?ъ슜?????놁뒿?덈떎. 10.0 ?댁긽???몄뼱 踰꾩쟾???ъ슜?섏꽭?? [C:\Users\OK\Desktop\?쇰ℓ?ㅽ떚而ㅻ끂??src\StickyLite\StickyLite.csproj::TargetFramework=net48]
C:\Users\OK\Desktop\?쇰ℓ?ㅽ떚而ㅻ끂??src\StickyLite\obj\Release\net48\StickyLite.GlobalUsings.g.cs(5,1): error CS8370: '?꾩뿭 using 吏?쒕Ц' 湲곕뒫? C# 7.3?먯꽌 ?ъ슜?????놁뒿?덈떎. 10.0 ?댁긽???몄뼱 踰꾩쟾???ъ슜?섏꽭?? [C:\Users\OK\Desktop\?쇰ℓ?ㅽ떚而ㅻ끂??src\StickyLite\StickyLite.csproj::TargetFramework=net48]
C:\Users\OK\Desktop\?쇰ℓ?ㅽ떚而ㅻ끂??src\StickyLite\obj\Release\net48\StickyLite.GlobalUsings.g.cs(6,1): error CS8370: '?꾩뿭 using 吏?쒕Ц' 湲곕뒫? C# 7.3?먯꽌 ?ъ슜?????놁뒿?덈떎. 10.0 ?댁긽???몄뼱 踰꾩쟾???ъ슜?섏꽭?? [C:\Users\OK\Desktop\?쇰ℓ?ㅽ떚而ㅻ끂??src\StickyLite\StickyLite.csproj::TargetFramework=net48]
C:\Users\OK\Desktop\?쇰ℓ?ㅽ떚而ㅻ끂??src\StickyLite\obj\Release\net48\StickyLite.GlobalUsings.g.cs(7,1): error CS8370: '?꾩뿭 using 吏?쒕Ц' 湲곕뒫? C# 7.3?먯꽌 ?ъ슜?????놁뒿?덈떎. 10.0 ?댁긽???몄뼱 踰꾩쟾???ъ슜?섏꽭?? [C:\Users\OK\Desktop\?쇰ℓ?ㅽ떚而ㅻ끂??src\StickyLite\StickyLite.csproj::TargetFramework=net48]
C:\Users\OK\Desktop\?쇰ℓ?ㅽ떚而ㅻ끂??src\StickyLite\obj\Release\net48\StickyLite.GlobalUsings.g.cs(8,1): error CS8370: '?꾩뿭 using 吏?쒕Ц' 湲곕뒫? C# 7.3?먯꽌 ?ъ슜?????놁뒿?덈떎. 10.0 ?댁긽???몄뼱 踰꾩쟾???ъ슜?섏꽭?? [C:\Users\OK\Desktop\?쇰ℓ?ㅽ떚而ㅻ끂??src\StickyLite\StickyLite.csproj::TargetFramework=net48]
C:\Users\OK\Desktop\?쇰ℓ?ㅽ떚而ㅻ끂??src\StickyLite\obj\Release\net48\StickyLite.GlobalUsings.g.cs(9,1): error CS8370: '?꾩뿭 using 吏?쒕Ц' 湲곕뒫? C# 7.3?먯꽌 ?ъ슜?????놁뒿?덈떎. 10.0 ?댁긽???몄뼱 踰꾩쟾???ъ슜?섏꽭?? [C:\Users\OK\Desktop\?쇰ℓ?ㅽ떚而ㅻ끂??src\StickyLite\StickyLite.csproj::TargetFramework=net48]
C:\Users\OK\Desktop\?쇰ℓ?ㅽ떚而ㅻ끂??src\StickyLite\Config\ConfigManager.cs(1,19): error CS0234: 'System.Text' ?ㅼ엫?ㅽ럹?댁뒪??'Json' ?뺤떇 ?먮뒗 ?ㅼ엫?ㅽ럹?댁뒪 ?대쫫???놁뒿?덈떎. ?댁뀍釉붾━ 李몄“媛 ?덈뒗吏 ?뺤씤?섏꽭?? [C:\Users\OK\Desktop\?쇰ℓ?ㅽ떚而ㅻ끂??src\StickyLite\StickyLite.csproj::TargetFramework=net48]
C:\Users\OK\Desktop\?쇰ℓ?ㅽ떚而ㅻ끂??src\StickyLite\Config\ConfigManager.cs(2,19): error CS0234: 'System.Text' ?ㅼ엫?ㅽ럹?댁뒪??'Json' ?뺤떇 ?먮뒗 ?ㅼ엫?ㅽ럹?댁뒪 ?대쫫???놁뒿?덈떎. ?댁뀍釉붾━ 李몄“媛 ?덈뒗吏 ?뺤씤?섏꽭?? [C:\Users\OK\Desktop\?쇰ℓ?ㅽ떚而ㅻ끂??src\StickyLite\StickyLite.csproj::TargetFramework=net48]
C:\Users\OK\Desktop\?쇰ℓ?ㅽ떚而ㅻ끂??src\StickyLite\Config\ConfigManager.cs(12,26): error CS0246: 'JsonSerializerOptions' ?뺤떇 ?먮뒗 ?ㅼ엫?ㅽ럹?댁뒪 ?대쫫??李얠쓣 ???놁뒿?덈떎. using 吏?쒕Ц ?먮뒗 ?댁뀍釉붾━ 李몄“媛 ?덈뒗吏 ?뺤씤?섏꽭?? [C:\Users\OK\Desktop\?쇰ℓ?ㅽ떚而ㅻ끂??src\StickyLite\StickyLite.csproj::TargetFramework=net48]
C:\Users\OK\Desktop\?쇰ℓ?ㅽ떚而ㅻ끂??src\StickyLite\Core\NoteManager.cs(40,31): error CS8370: 'nullable 李몄“ ?뺤떇' 湲곕뒫? C# 7.3?먯꽌 ?ъ슜?????놁뒿?덈떎. 8.0 ?댁긽???몄뼱 踰꾩쟾???ъ슜?섏꽭?? [C:\Users\OK\Desktop\?쇰ℓ?ㅽ떚而ㅻ끂??src\StickyLite\StickyLite.csproj::TargetFramework=net48]
C:\Users\OK\Desktop\?쇰ℓ?ㅽ떚而ㅻ끂??src\StickyLite\Program.cs(143,69): error CS8370: 'nullable 李몄“ ?뺤떇' 湲곕뒫? C# 7.3?먯꽌 ?ъ슜?????놁뒿?덈떎. 8.0 ?댁긽???몄뼱 踰꾩쟾???ъ슜?섏꽭?? [C:\Users\OK\Desktop\?쇰ℓ?ㅽ떚而ㅻ끂??src\StickyLite\StickyLite.csproj::TargetFramework=net48]
C:\Users\OK\Desktop\?쇰ℓ?ㅽ떚而ㅻ끂??src\StickyLite\Program.cs(25,29): error CS8370: 'nullable 李몄“ ?뺤떇' 湲곕뒫? C# 7.3?먯꽌 ?ъ슜?????놁뒿?덈떎. 8.0 ?댁긽???몄뼱 踰꾩쟾???ъ슜?섏꽭?? [C:\Users\OK\Desktop\?쇰ℓ?ㅽ떚而ㅻ끂??src\StickyLite\StickyLite.csproj::TargetFramework=net48]
C:\Users\OK\Desktop\?쇰ℓ?ㅽ떚而ㅻ끂??src\StickyLite\MainForm.cs(246,51): error CS8370: 'nullable 李몄“ ?뺤떇' 湲곕뒫? C# 7.3?먯꽌 ?ъ슜?????놁뒿?덈떎. 8.0 ?댁긽???몄뼱 踰꾩쟾???ъ슜?섏꽭?? [C:\Users\OK\Desktop\?쇰ℓ?ㅽ떚而ㅻ끂??src\StickyLite\StickyLite.csproj::TargetFramework=net48]
C:\Users\OK\Desktop\?쇰ℓ?ㅽ떚而ㅻ끂??src\StickyLite\MainForm.cs(256,51): error CS8370: 'nullable 李몄“ ?뺤떇' 湲곕뒫? C# 7.3?먯꽌 ?ъ슜?????놁뒿?덈떎. 8.0 ?댁긽???몄뼱 踰꾩쟾???ъ슜?섏꽭?? [C:\Users\OK\Desktop\?쇰ℓ?ㅽ떚而ㅻ끂??src\StickyLite\StickyLite.csproj::TargetFramework=net48]
C:\Users\OK\Desktop\?쇰ℓ?ㅽ떚而ㅻ끂??src\StickyLite\MainForm.cs(266,54): error CS8370: 'nullable 李몄“ ?뺤떇' 湲곕뒫? C# 7.3?먯꽌 ?ъ슜?????놁뒿?덈떎. 8.0 ?댁긽???몄뼱 踰꾩쟾???ъ슜?섏꽭?? [C:\Users\OK\Desktop\?쇰ℓ?ㅽ떚而ㅻ끂??src\StickyLite\StickyLite.csproj::TargetFramework=net48]
C:\Users\OK\Desktop\?쇰ℓ?ㅽ떚而ㅻ끂??src\StickyLite\MainForm.cs(276,46): error CS8370: 'nullable 李몄“ ?뺤떇' 湲곕뒫? C# 7.3?먯꽌 ?ъ슜?????놁뒿?덈떎. 8.0 ?댁긽???몄뼱 踰꾩쟾???ъ슜?섏꽭?? [C:\Users\OK\Desktop\?쇰ℓ?ㅽ떚而ㅻ끂??src\StickyLite\StickyLite.csproj::TargetFramework=net48]
C:\Users\OK\Desktop\?쇰ℓ?ㅽ떚而ㅻ끂??src\StickyLite\MainForm.cs(284,43): error CS8370: 'nullable 李몄“ ?뺤떇' 湲곕뒫? C# 7.3?먯꽌 ?ъ슜?????놁뒿?덈떎. 8.0 ?댁긽???몄뼱 踰꾩쟾???ъ슜?섏꽭?? [C:\Users\OK\Desktop\?쇰ℓ?ㅽ떚而ㅻ끂??src\StickyLite\StickyLite.csproj::TargetFramework=net48]
C:\Users\OK\Desktop\?쇰ℓ?ㅽ떚而ㅻ끂??src\StickyLite\MainForm.cs(292,43): error CS8370: 'nullable 李몄“ ?뺤떇' 湲곕뒫? C# 7.3?먯꽌 ?ъ슜?????놁뒿?덈떎. 8.0 ?댁긽???몄뼱 踰꾩쟾???ъ슜?섏꽭?? [C:\Users\OK\Desktop\?쇰ℓ?ㅽ떚而ㅻ끂??src\StickyLite\StickyLite.csproj::TargetFramework=net48]
    寃쎄퀬 1媛?
    ?ㅻ쪟 20媛?

寃쎄낵 ?쒓컙: 00:00:03.75
